<EastReport>
  <ShowGrid>True</ShowGrid>
  <SnapGrid>True</SnapGrid>
  <GridSize>4</GridSize>
  <BeginPrintScript>
  </BeginPrintScript>
  <EndPrintScript>
  </EndPrintScript>
  <Variants>
    <EastReport.Variant>
      <Name value="OperName" />
      <DefaultValue value="郝红顺" />
      <Type value="string" />
    </EastReport.Variant>
    <EastReport.Variant>
      <Name value="CompanyName" />
      <DefaultValue value="易思特软件有限公司" />
      <Type value="string" />
    </EastReport.Variant>
  </Variants>
  <Pages>
    <EastReport.Page>
      <Name value="Page1" />
      <PaperWidth value="850" />
      <Location value="{X=12,Y=16}" />
      <DockPadding value="" />
      <EndPrintScript value="" />
      <TabIndex value="0" />
      <MarginsTop value="149" />
      <PaperName value="Letter Plus" />
      <MarginsBottom value="50" />
      <PaperHeight value="1269" />
      <MarginsRight value="78" />
      <Landscape value="False" />
      <IsSubPage value="False" />
      <Size value="{Width=850, Height=1269}" />
      <BeginPrintScript value="" />
      <MarginsLeft value="50" />
      <Controls>
        <EastReport.Component.Label>
          <Name value="label" />
          <Page value="Page1 [EastReport.Page], BorderStyle: System.Windows.Forms.BorderStyle.NONE" />
          <BackColor value="Color [Transparent]" />
          <Caption value="Label" />
          <EndPrintScript value="" />
          <TabIndex value="0" />
          <FontUnderline value="False" />
          <TextAlignment value="TopLeft" />
          <DrawBottomBorder value="True" />
          <Font value="[Font: Name=宋体, Size=9, Units=3, GdiCharSet=1, GdiVerticalFont=False]" />
          <FontItalic value="False" />
          <ForeColor value="Color [Black]" />
          <BorderColor value="Color [Black]" />
          <FontBold value="False" />
          <DrawRightBorder value="True" />
          <DrawTopBorder value="True" />
          <DrawLeftBorder value="True" />
          <Size value="{Width=781, Height=65}" />
          <BorderWidth value="1" />
          <BeginPrintScript value="" />
          <FontStrikeout value="False" />
          <Text value="label" />
          <Location value="{X=20,Y=100}" />
        </EastReport.Component.Label>
        <EastReport.Component.Bands.ReportTitleBand>
          <Name value="reportTitleBand" />
          <Location value="{X=0,Y=64}" />
          <BeginPrintScript value="" />
          <Text value="reportTitleBand" />
          <Page value="Page1 [EastReport.Page], BorderStyle: System.Windows.Forms.BorderStyle.NONE" />
          <TabIndex value="1" />
          <Size value="{Width=827, Height=173}" />
          <Caption value="Report Title" />
          <BackColor value="Color [PeachPuff]" />
          <EndPrintScript value="" />
        </EastReport.Component.Bands.ReportTitleBand>
      </Controls>
    </EastReport.Page>
  </Pages>
</EastReport>