<EastReport>
  <BeginPrintScript>
  </BeginPrintScript>
  <EndPrintScript>
  </EndPrintScript>
  <Variants>
    <EastReport.Variant>
      <Name value="Bcd1" />
      <Type value="string" />
    </EastReport.Variant>
    <EastReport.Variant>
      <Name value="Bcd2" />
      <Type value="string" />
    </EastReport.Variant>
    <EastReport.Variant>
      <Name value="Bcd3" />
      <Type value="string" />
    </EastReport.Variant>
  </Variants>
  <Pages>
    <EastReport.Page>
      <Name value="Page1" />
      <PaperWidth value="827" />
      <Location value="{X=23,Y=16}" />
      <DockPadding value="" />
      <EndPrintScript value="" />
      <TabIndex value="0" />
      <MarginsTop value="50" />
      <PaperName value="A4" />
      <MarginsBottom value="50" />
      <PaperHeight value="1169" />
      <MarginsRight value="50" />
      <Landscape value="False" />
      <IsSubPage value="False" />
      <Size value="{Width=827, Height=1169}" />
      <BeginPrintScript value="" />
      <MarginsLeft value="50" />
      <Controls>
        <EastReport.Component.BarCode>
          <Name value="barCode" />
          <Page value="Page1 [EastReport.Page], BorderStyle: System.Windows.Forms.BorderStyle.NONE" />
          <BackColor value="Color [Transparent]" />
          <Location value="{X=32,Y=160}" />
          <Expression value="Bcd1.Trim()" />
          <EndPrintScript value="" />
          <TabIndex value="3" />
          <FontUnderline value="False" />
          <DrawBottomBorder value="False" />
          <Font value="[Font: Name=宋体, Size=9, Units=3, GdiCharSet=1, GdiVerticalFont=False]" />
          <ForeColor value="Color [Black]" />
          <FontItalic value="False" />
          <BorderColor value="Color [Black]" />
          <FontBold value="False" />
          <DrawRightBorder value="False" />
          <Style value="EAN13" />
          <DrawTopBorder value="False" />
          <DrawLeftBorder value="False" />
          <Size value="{Width=217, Height=73}" />
          <BorderWidth value="2" />
          <BeginPrintScript value="" />
          <FontStrikeout value="False" />
          <Text value="&quot;6904731000015&quot;" />
        </EastReport.Component.BarCode>
        <EastReport.Component.BarCode>
          <Name value="barCode3" />
          <Page value="Page1 [EastReport.Page], BorderStyle: System.Windows.Forms.BorderStyle.NONE" />
          <BackColor value="Color [Transparent]" />
          <Location value="{X=544,Y=164}" />
          <Expression value="Bcd3.Trim()" />
          <EndPrintScript value="" />
          <TabIndex value="3" />
          <FontUnderline value="False" />
          <DrawBottomBorder value="False" />
          <Font value="[Font: Name=宋体, Size=9, Units=3, GdiCharSet=1, GdiVerticalFont=False]" />
          <ForeColor value="Color [Black]" />
          <FontItalic value="False" />
          <BorderColor value="Color [Black]" />
          <FontBold value="False" />
          <DrawRightBorder value="False" />
          <Style value="EAN13" />
          <DrawTopBorder value="False" />
          <DrawLeftBorder value="False" />
          <Size value="{Width=217, Height=77}" />
          <BorderWidth value="2" />
          <BeginPrintScript value="" />
          <FontStrikeout value="False" />
          <Text value="&quot;6904731000015&quot;" />
        </EastReport.Component.BarCode>
        <EastReport.Component.BarCode>
          <Name value="barCode2" />
          <Page value="Page1 [EastReport.Page], BorderStyle: System.Windows.Forms.BorderStyle.NONE" />
          <BackColor value="Color [Transparent]" />
          <Location value="{X=284,Y=160}" />
          <Expression value="Bcd2.Trim()" />
          <EndPrintScript value="" />
          <TabIndex value="3" />
          <FontUnderline value="False" />
          <DrawBottomBorder value="False" />
          <Font value="[Font: Name=宋体, Size=9, Units=3, GdiCharSet=1, GdiVerticalFont=False]" />
          <ForeColor value="Color [Black]" />
          <FontItalic value="False" />
          <BorderColor value="Color [Black]" />
          <FontBold value="False" />
          <DrawRightBorder value="False" />
          <Style value="EAN13" />
          <DrawTopBorder value="False" />
          <DrawLeftBorder value="False" />
          <Size value="{Width=217, Height=77}" />
          <BorderWidth value="2" />
          <BeginPrintScript value="" />
          <FontStrikeout value="False" />
          <Text value="&quot;6904731000015&quot;" />
        </EastReport.Component.BarCode>
        <EastReport.Component.Label>
          <Name value="label14" />
          <Page value="Page1 [EastReport.Page], BorderStyle: System.Windows.Forms.BorderStyle.NONE" />
          <BackColor value="Color [Transparent]" />
          <Caption value="销售单价：" />
          <EndPrintScript value="" />
          <TabIndex value="2" />
          <FontUnderline value="False" />
          <TextAlignment value="TopLeft" />
          <DrawBottomBorder value="False" />
          <Font value="[Font: Name=宋体, Size=10, Units=3, GdiCharSet=1, GdiVerticalFont=False]" />
          <FontItalic value="False" />
          <ForeColor value="Color [Black]" />
          <BorderColor value="Color [Black]" />
          <FontBold value="True" />
          <DrawRightBorder value="False" />
          <DrawTopBorder value="False" />
          <DrawLeftBorder value="False" />
          <Size value="{Width=85, Height=25}" />
          <BorderWidth value="2" />
          <BeginPrintScript value="" />
          <FontStrikeout value="False" />
          <Location value="{X=280,Y=124}" />
        </EastReport.Component.Label>
        <EastReport.Component.Label>
          <Name value="label18" />
          <Page value="Page1 [EastReport.Page], BorderStyle: System.Windows.Forms.BorderStyle.NONE" />
          <BackColor value="Color [Transparent]" />
          <Caption value="商品类别：" />
          <EndPrintScript value="" />
          <TabIndex value="2" />
          <FontUnderline value="False" />
          <TextAlignment value="TopLeft" />
          <DrawBottomBorder value="False" />
          <Font value="[Font: Name=宋体, Size=10, Units=3, GdiCharSet=1, GdiVerticalFont=False]" />
          <FontItalic value="False" />
          <ForeColor value="Color [Black]" />
          <BorderColor value="Color [Black]" />
          <FontBold value="True" />
          <DrawRightBorder value="False" />
          <DrawTopBorder value="False" />
          <DrawLeftBorder value="False" />
          <Size value="{Width=85, Height=25}" />
          <BorderWidth value="2" />
          <BeginPrintScript value="" />
          <FontStrikeout value="False" />
          <Location value="{X=540,Y=100}" />
        </EastReport.Component.Label>
        <EastReport.Component.Label>
          <Name value="label19" />
          <Page value="Page1 [EastReport.Page], BorderStyle: System.Windows.Forms.BorderStyle.NONE" />
          <BackColor value="Color [Transparent]" />
          <Caption value="米食                " />
          <EndPrintScript value="" />
          <TabIndex value="4" />
          <FontUnderline value="False" />
          <TextAlignment value="TopLeft" />
          <DrawBottomBorder value="False" />
          <Font value="[Font: Name=宋体, Size=10, Units=3, GdiCharSet=1, GdiVerticalFont=False]" />
          <FontItalic value="False" />
          <ForeColor value="Color [Black]" />
          <BorderColor value="Color [Black]" />
          <FontBold value="False" />
          <DrawRightBorder value="False" />
          <DrawTopBorder value="False" />
          <DrawLeftBorder value="False" />
          <Size value="{Width=137, Height=25}" />
          <BorderWidth value="2" />
          <BeginPrintScript value="" />
          <FontStrikeout value="False" />
          <Location value="{X=632,Y=100}" />
        </EastReport.Component.Label>
        <EastReport.Component.Label>
          <Name value="label21" />
          <Page value="Page1 [EastReport.Page], BorderStyle: System.Windows.Forms.BorderStyle.NONE" />
          <BackColor value="Color [Transparent]" />
          <Caption value="3.60￥" />
          <EndPrintScript value="" />
          <TabIndex value="4" />
          <FontUnderline value="False" />
          <TextAlignment value="TopLeft" />
          <DrawBottomBorder value="False" />
          <Font value="[Font: Name=宋体, Size=9, Units=3, GdiCharSet=1, GdiVerticalFont=False]" />
          <FontItalic value="False" />
          <ForeColor value="Color [A=255, R=255, G=0, B=255]" />
          <BorderColor value="Color [Black]" />
          <FontBold value="False" />
          <DrawRightBorder value="False" />
          <DrawTopBorder value="False" />
          <DrawLeftBorder value="False" />
          <Size value="{Width=137, Height=25}" />
          <BorderWidth value="2" />
          <BeginPrintScript value="" />
          <FontStrikeout value="False" />
          <Location value="{X=632,Y=128}" />
        </EastReport.Component.Label>
        <EastReport.Component.Label>
          <Name value="label20" />
          <Page value="Page1 [EastReport.Page], BorderStyle: System.Windows.Forms.BorderStyle.NONE" />
          <BackColor value="Color [Transparent]" />
          <Caption value="销售单价：" />
          <EndPrintScript value="" />
          <TabIndex value="2" />
          <FontUnderline value="False" />
          <TextAlignment value="TopLeft" />
          <DrawBottomBorder value="False" />
          <Font value="[Font: Name=宋体, Size=10, Units=3, GdiCharSet=1, GdiVerticalFont=False]" />
          <FontItalic value="False" />
          <ForeColor value="Color [Black]" />
          <BorderColor value="Color [Black]" />
          <FontBold value="True" />
          <DrawRightBorder value="False" />
          <DrawTopBorder value="False" />
          <DrawLeftBorder value="False" />
          <Size value="{Width=85, Height=25}" />
          <BorderWidth value="2" />
          <BeginPrintScript value="" />
          <FontStrikeout value="False" />
          <Location value="{X=540,Y=128}" />
        </EastReport.Component.Label>
        <EastReport.Component.Label>
          <Name value="label12" />
          <Page value="Page1 [EastReport.Page], BorderStyle: System.Windows.Forms.BorderStyle.NONE" />
          <BackColor value="Color [Transparent]" />
          <Caption value="商品类别：" />
          <EndPrintScript value="" />
          <TabIndex value="2" />
          <FontUnderline value="False" />
          <TextAlignment value="TopLeft" />
          <DrawBottomBorder value="False" />
          <Font value="[Font: Name=宋体, Size=10, Units=3, GdiCharSet=1, GdiVerticalFont=False]" />
          <FontItalic value="False" />
          <ForeColor value="Color [Black]" />
          <BorderColor value="Color [Black]" />
          <FontBold value="True" />
          <DrawRightBorder value="False" />
          <DrawTopBorder value="False" />
          <DrawLeftBorder value="False" />
          <Size value="{Width=85, Height=25}" />
          <BorderWidth value="2" />
          <BeginPrintScript value="" />
          <FontStrikeout value="False" />
          <Location value="{X=280,Y=96}" />
        </EastReport.Component.Label>
        <EastReport.Component.Label>
          <Name value="label13" />
          <Page value="Page1 [EastReport.Page], BorderStyle: System.Windows.Forms.BorderStyle.NONE" />
          <BackColor value="Color [Transparent]" />
          <Caption value="米食                " />
          <EndPrintScript value="" />
          <TabIndex value="4" />
          <FontUnderline value="False" />
          <TextAlignment value="TopLeft" />
          <DrawBottomBorder value="False" />
          <Font value="[Font: Name=宋体, Size=10, Units=3, GdiCharSet=1, GdiVerticalFont=False]" />
          <FontItalic value="False" />
          <ForeColor value="Color [Black]" />
          <BorderColor value="Color [Black]" />
          <FontBold value="False" />
          <DrawRightBorder value="False" />
          <DrawTopBorder value="False" />
          <DrawLeftBorder value="False" />
          <Size value="{Width=137, Height=25}" />
          <BorderWidth value="2" />
          <BeginPrintScript value="" />
          <FontStrikeout value="False" />
          <Location value="{X=372,Y=96}" />
        </EastReport.Component.Label>
        <EastReport.Component.Label>
          <Name value="label10" />
          <Page value="Page1 [EastReport.Page], BorderStyle: System.Windows.Forms.BorderStyle.NONE" />
          <BackColor value="Color [Transparent]" />
          <Caption value="商品名称：" />
          <EndPrintScript value="" />
          <TabIndex value="2" />
          <FontUnderline value="False" />
          <TextAlignment value="TopLeft" />
          <DrawBottomBorder value="False" />
          <Font value="[Font: Name=宋体, Size=10, Units=3, GdiCharSet=1, GdiVerticalFont=False]" />
          <FontItalic value="False" />
          <ForeColor value="Color [Black]" />
          <BorderColor value="Color [Black]" />
          <FontBold value="True" />
          <DrawRightBorder value="False" />
          <DrawTopBorder value="False" />
          <DrawLeftBorder value="False" />
          <Size value="{Width=85, Height=25}" />
          <BorderWidth value="2" />
          <BeginPrintScript value="" />
          <FontStrikeout value="False" />
          <Location value="{X=280,Y=60}" />
        </EastReport.Component.Label>
        <EastReport.Component.Label>
          <Name value="label11" />
          <Page value="Page1 [EastReport.Page], BorderStyle: System.Windows.Forms.BorderStyle.NONE" />
          <BackColor value="Color [Transparent]" />
          <Caption value="380g华元八宝粥(大)                      " />
          <EndPrintScript value="" />
          <TabIndex value="4" />
          <FontUnderline value="False" />
          <TextAlignment value="TopLeft" />
          <DrawBottomBorder value="False" />
          <Font value="[Font: Name=宋体, Size=10, Units=3, GdiCharSet=1, GdiVerticalFont=False]" />
          <FontItalic value="False" />
          <ForeColor value="Color [Black]" />
          <BorderColor value="Color [Black]" />
          <FontBold value="False" />
          <DrawRightBorder value="False" />
          <DrawTopBorder value="False" />
          <DrawLeftBorder value="False" />
          <Size value="{Width=137, Height=33}" />
          <BorderWidth value="2" />
          <BeginPrintScript value="" />
          <FontStrikeout value="False" />
          <Location value="{X=372,Y=60}" />
        </EastReport.Component.Label>
        <EastReport.Component.Label>
          <Name value="label16" />
          <Page value="Page1 [EastReport.Page], BorderStyle: System.Windows.Forms.BorderStyle.NONE" />
          <BackColor value="Color [Transparent]" />
          <Caption value="商品名称：" />
          <EndPrintScript value="" />
          <TabIndex value="2" />
          <FontUnderline value="False" />
          <TextAlignment value="TopLeft" />
          <DrawBottomBorder value="False" />
          <Font value="[Font: Name=宋体, Size=10, Units=3, GdiCharSet=1, GdiVerticalFont=False]" />
          <FontItalic value="False" />
          <ForeColor value="Color [Black]" />
          <BorderColor value="Color [Black]" />
          <FontBold value="True" />
          <DrawRightBorder value="False" />
          <DrawTopBorder value="False" />
          <DrawLeftBorder value="False" />
          <Size value="{Width=85, Height=25}" />
          <BorderWidth value="2" />
          <BeginPrintScript value="" />
          <FontStrikeout value="False" />
          <Location value="{X=540,Y=64}" />
        </EastReport.Component.Label>
        <EastReport.Component.Label>
          <Name value="label17" />
          <Page value="Page1 [EastReport.Page], BorderStyle: System.Windows.Forms.BorderStyle.NONE" />
          <BackColor value="Color [Transparent]" />
          <Caption value="380g华元八宝粥(大)                      " />
          <EndPrintScript value="" />
          <TabIndex value="4" />
          <FontUnderline value="False" />
          <TextAlignment value="TopLeft" />
          <DrawBottomBorder value="False" />
          <Font value="[Font: Name=宋体, Size=10, Units=3, GdiCharSet=1, GdiVerticalFont=False]" />
          <FontItalic value="False" />
          <ForeColor value="Color [Black]" />
          <BorderColor value="Color [Black]" />
          <FontBold value="False" />
          <DrawRightBorder value="False" />
          <DrawTopBorder value="False" />
          <DrawLeftBorder value="False" />
          <Size value="{Width=137, Height=33}" />
          <BorderWidth value="2" />
          <BeginPrintScript value="" />
          <FontStrikeout value="False" />
          <Location value="{X=632,Y=64}" />
        </EastReport.Component.Label>
        <EastReport.Component.Label>
          <Name value="label4" />
          <Page value="Page1 [EastReport.Page], BorderStyle: System.Windows.Forms.BorderStyle.NONE" />
          <BackColor value="Color [Transparent]" />
          <Caption value="商品名称：" />
          <EndPrintScript value="" />
          <TabIndex value="2" />
          <FontUnderline value="False" />
          <TextAlignment value="TopLeft" />
          <DrawBottomBorder value="False" />
          <Font value="[Font: Name=宋体, Size=10, Units=3, GdiCharSet=1, GdiVerticalFont=False]" />
          <FontItalic value="False" />
          <ForeColor value="Color [Black]" />
          <BorderColor value="Color [Black]" />
          <FontBold value="True" />
          <DrawRightBorder value="False" />
          <DrawTopBorder value="False" />
          <DrawLeftBorder value="False" />
          <Size value="{Width=85, Height=25}" />
          <BorderWidth value="2" />
          <BeginPrintScript value="" />
          <FontStrikeout value="False" />
          <Text value="label4" />
          <Location value="{X=32,Y=60}" />
        </EastReport.Component.Label>
        <EastReport.Component.Label>
          <Name value="label15" />
          <Page value="Page1 [EastReport.Page], BorderStyle: System.Windows.Forms.BorderStyle.NONE" />
          <BackColor value="Color [Transparent]" />
          <Caption value="3.60￥" />
          <EndPrintScript value="" />
          <TabIndex value="4" />
          <FontUnderline value="False" />
          <TextAlignment value="TopLeft" />
          <DrawBottomBorder value="False" />
          <Font value="[Font: Name=宋体, Size=9, Units=3, GdiCharSet=1, GdiVerticalFont=False]" />
          <FontItalic value="False" />
          <ForeColor value="Color [A=255, R=255, G=0, B=255]" />
          <BorderColor value="Color [Black]" />
          <FontBold value="False" />
          <DrawRightBorder value="False" />
          <DrawTopBorder value="False" />
          <DrawLeftBorder value="False" />
          <Size value="{Width=137, Height=25}" />
          <BorderWidth value="2" />
          <BeginPrintScript value="" />
          <FontStrikeout value="False" />
          <Location value="{X=372,Y=124}" />
        </EastReport.Component.Label>
        <EastReport.Component.Label>
          <Name value="label7" />
          <Page value="Page1 [EastReport.Page], BorderStyle: System.Windows.Forms.BorderStyle.NONE" />
          <BackColor value="Color [Transparent]" />
          <Caption value="互润面包伴侣果酱                        " />
          <EndPrintScript value="" />
          <TabIndex value="4" />
          <FontUnderline value="False" />
          <TextAlignment value="TopLeft" />
          <DrawBottomBorder value="False" />
          <Font value="[Font: Name=宋体, Size=10, Units=3, GdiCharSet=1, GdiVerticalFont=False]" />
          <FontItalic value="False" />
          <ForeColor value="Color [Black]" />
          <BorderColor value="Color [Black]" />
          <FontBold value="False" />
          <DrawRightBorder value="False" />
          <DrawTopBorder value="False" />
          <DrawLeftBorder value="False" />
          <Size value="{Width=137, Height=33}" />
          <BorderWidth value="2" />
          <BeginPrintScript value="" />
          <FontStrikeout value="False" />
          <Text value="label7" />
          <Location value="{X=124,Y=60}" />
        </EastReport.Component.Label>
        <EastReport.Component.Label>
          <Name value="label6" />
          <Page value="Page1 [EastReport.Page], BorderStyle: System.Windows.Forms.BorderStyle.NONE" />
          <BackColor value="Color [Transparent]" />
          <Caption value="销售单价：" />
          <EndPrintScript value="" />
          <TabIndex value="2" />
          <FontUnderline value="False" />
          <TextAlignment value="TopLeft" />
          <DrawBottomBorder value="False" />
          <Font value="[Font: Name=宋体, Size=10, Units=3, GdiCharSet=1, GdiVerticalFont=False]" />
          <FontItalic value="False" />
          <ForeColor value="Color [Black]" />
          <BorderColor value="Color [Black]" />
          <FontBold value="True" />
          <DrawRightBorder value="False" />
          <DrawTopBorder value="False" />
          <DrawLeftBorder value="False" />
          <Size value="{Width=85, Height=25}" />
          <BorderWidth value="2" />
          <BeginPrintScript value="" />
          <FontStrikeout value="False" />
          <Location value="{X=32,Y=124}" />
        </EastReport.Component.Label>
        <EastReport.Component.Label>
          <Name value="label5" />
          <Page value="Page1 [EastReport.Page], BorderStyle: System.Windows.Forms.BorderStyle.NONE" />
          <BackColor value="Color [Transparent]" />
          <Caption value="商品类别：" />
          <EndPrintScript value="" />
          <TabIndex value="2" />
          <FontUnderline value="False" />
          <TextAlignment value="TopLeft" />
          <DrawBottomBorder value="False" />
          <Font value="[Font: Name=宋体, Size=10, Units=3, GdiCharSet=1, GdiVerticalFont=False]" />
          <FontItalic value="False" />
          <ForeColor value="Color [Black]" />
          <BorderColor value="Color [Black]" />
          <FontBold value="True" />
          <DrawRightBorder value="False" />
          <DrawTopBorder value="False" />
          <DrawLeftBorder value="False" />
          <Size value="{Width=85, Height=25}" />
          <BorderWidth value="2" />
          <BeginPrintScript value="" />
          <FontStrikeout value="False" />
          <Location value="{X=32,Y=96}" />
        </EastReport.Component.Label>
        <EastReport.Component.Label>
          <Name value="label9" />
          <Page value="Page1 [EastReport.Page], BorderStyle: System.Windows.Forms.BorderStyle.NONE" />
          <BackColor value="Color [Transparent]" />
          <Caption value="8.80￥" />
          <EndPrintScript value="" />
          <TabIndex value="4" />
          <FontUnderline value="False" />
          <TextAlignment value="TopLeft" />
          <DrawBottomBorder value="False" />
          <Font value="[Font: Name=宋体, Size=9, Units=3, GdiCharSet=1, GdiVerticalFont=False]" />
          <FontItalic value="False" />
          <ForeColor value="Color [A=255, R=255, G=0, B=255]" />
          <BorderColor value="Color [Black]" />
          <FontBold value="False" />
          <DrawRightBorder value="False" />
          <DrawTopBorder value="False" />
          <DrawLeftBorder value="False" />
          <Size value="{Width=137, Height=25}" />
          <BorderWidth value="2" />
          <BeginPrintScript value="" />
          <FontStrikeout value="False" />
          <Location value="{X=124,Y=124}" />
        </EastReport.Component.Label>
        <EastReport.Component.Label>
          <Name value="label8" />
          <Page value="Page1 [EastReport.Page], BorderStyle: System.Windows.Forms.BorderStyle.NONE" />
          <BackColor value="Color [Transparent]" />
          <Caption value="罐头                " />
          <EndPrintScript value="" />
          <TabIndex value="4" />
          <FontUnderline value="False" />
          <TextAlignment value="TopLeft" />
          <DrawBottomBorder value="False" />
          <Font value="[Font: Name=宋体, Size=10, Units=3, GdiCharSet=1, GdiVerticalFont=False]" />
          <FontItalic value="False" />
          <ForeColor value="Color [Black]" />
          <BorderColor value="Color [Black]" />
          <FontBold value="False" />
          <DrawRightBorder value="False" />
          <DrawTopBorder value="False" />
          <DrawLeftBorder value="False" />
          <Size value="{Width=137, Height=25}" />
          <BorderWidth value="2" />
          <BeginPrintScript value="" />
          <FontStrikeout value="False" />
          <Location value="{X=124,Y=96}" />
        </EastReport.Component.Label>
        <EastReport.Component.Label>
          <Name value="label" />
          <Page value="Page1 [EastReport.Page], BorderStyle: System.Windows.Forms.BorderStyle.NONE" />
          <BackColor value="Color [OldLace]" />
          <Caption value="" />
          <EndPrintScript value="" />
          <TabIndex value="1" />
          <FontUnderline value="False" />
          <TextAlignment value="TopLeft" />
          <DrawBottomBorder value="True" />
          <Font value="[Font: Name=宋体, Size=9, Units=3, GdiCharSet=1, GdiVerticalFont=False]" />
          <FontItalic value="False" />
          <ForeColor value="Color [Black]" />
          <BorderColor value="Color [Green]" />
          <FontBold value="False" />
          <DrawRightBorder value="True" />
          <DrawTopBorder value="True" />
          <DrawLeftBorder value="True" />
          <Size value="{Width=241, Height=193}" />
          <BorderWidth value="2" />
          <BeginPrintScript value="" />
          <FontStrikeout value="False" />
          <Text value="label" />
          <Location value="{X=24,Y=56}" />
        </EastReport.Component.Label>
        <EastReport.Component.Label>
          <Name value="label2" />
          <Page value="Page1 [EastReport.Page], BorderStyle: System.Windows.Forms.BorderStyle.NONE" />
          <BackColor value="Color [OldLace]" />
          <Caption value="" />
          <EndPrintScript value="" />
          <TabIndex value="1" />
          <FontUnderline value="False" />
          <TextAlignment value="TopLeft" />
          <DrawBottomBorder value="True" />
          <Font value="[Font: Name=宋体, Size=9, Units=3, GdiCharSet=1, GdiVerticalFont=False]" />
          <FontItalic value="False" />
          <ForeColor value="Color [Black]" />
          <BorderColor value="Color [Green]" />
          <FontBold value="False" />
          <DrawRightBorder value="True" />
          <DrawTopBorder value="True" />
          <DrawLeftBorder value="True" />
          <Size value="{Width=241, Height=193}" />
          <BorderWidth value="2" />
          <BeginPrintScript value="" />
          <FontStrikeout value="False" />
          <Location value="{X=276,Y=56}" />
        </EastReport.Component.Label>
        <EastReport.Component.Label>
          <Name value="label3" />
          <Page value="Page1 [EastReport.Page], BorderStyle: System.Windows.Forms.BorderStyle.NONE" />
          <BackColor value="Color [OldLace]" />
          <Caption value="" />
          <EndPrintScript value="" />
          <TabIndex value="1" />
          <FontUnderline value="False" />
          <TextAlignment value="TopLeft" />
          <DrawBottomBorder value="True" />
          <Font value="[Font: Name=宋体, Size=9, Units=3, GdiCharSet=1, GdiVerticalFont=False]" />
          <FontItalic value="False" />
          <ForeColor value="Color [Black]" />
          <BorderColor value="Color [Green]" />
          <FontBold value="False" />
          <DrawRightBorder value="True" />
          <DrawTopBorder value="True" />
          <DrawLeftBorder value="True" />
          <Size value="{Width=241, Height=193}" />
          <BorderWidth value="2" />
          <BeginPrintScript value="" />
          <FontStrikeout value="False" />
          <Location value="{X=532,Y=56}" />
        </EastReport.Component.Label>
        <EastReport.Component.Bands.MasterDataBand>
          <Name value="masterDataBand" />
          <BeginPrintScript value="//打印条码的控件需要引用表达式，&#xA;//因此先定义三个全局变量。在打印前给变量符值&#xA;&#xA;Page1.label7.Caption=BASPLUMAIN.PLUNAME.ToString();&#xA;Page1.label8.Caption=BASPLUMAIN.DPTNAME.ToString();&#xA;Page1.label9.Caption=BASPLUMAIN.SLPRC.ToString()+&quot;￥&quot;;&#xA;Bcd1=BASPLUMAIN.BCD.ToString().Substring(0,12);&#xA;//数据集移动到下一条，实现横向滚动&#xA;BASPLUMAIN.Next();&#xA;Page1.label11.Caption=BASPLUMAIN.PLUNAME.ToString();&#xA;Page1.label13.Caption=BASPLUMAIN.DPTNAME.ToString();&#xA;Page1.label15.Caption=BASPLUMAIN.SLPRC.ToString()+&quot;￥&quot;;&#xA;Bcd2=BASPLUMAIN.BCD.ToString();&#xA;BASPLUMAIN.Next();&#xA;Page1.label17.Caption=BASPLUMAIN.PLUNAME.ToString();&#xA;Page1.label19.Caption=BASPLUMAIN.DPTNAME.ToString();&#xA;Page1.label21.Caption=BASPLUMAIN.SLPRC.ToString()+&quot;￥&quot;;&#xA;Bcd3=BASPLUMAIN.BCD.ToString();" />
          <Text value="masterDataBand" />
          <Page value="Page1 [EastReport.Page], BorderStyle: System.Windows.Forms.BorderStyle.NONE" />
          <TabIndex value="0" />
          <Size value="{Width=827, Height=205}" />
          <Caption value="Master Data" />
          <Location value="{X=0,Y=52}" />
          <BackColor value="Color [PeachPuff]" />
          <DataTableName value="BASPLUMAIN" />
          <EndPrintScript value="" />
        </EastReport.Component.Bands.MasterDataBand>
      </Controls>
    </EastReport.Page>
  </Pages>
</EastReport>